# 64030238 Jasda Singhapooti

แสดงข้อความ Hello My First Task หน่วงเวลา 1 วินาทีและเพิ่มค่า i ทีละ 1
## LAB1
```
I (36) boot.esp32: SPI Speed      : 40MHz
I (41) boot.esp32: SPI Mode       : DIO
I (45) boot.esp32: SPI Flash Size : 4MB
I (50) boot: Enabling RNG early entropy source...
I (55) boot: Partition Table:
I (59) boot: ## Label            Usage          Type ST Offset   Length
I (66) boot:  0 nvs              WiFi data        01 02 00009000 00006000
I (74) boot:  1 phy_init         RF data          01 01 0000f000 00001000
I (81) boot:  2 factory          factory app      00 00 00010000 00100000
I (89) boot: End of partition table
I (93) esp_image: segment 0: paddr=00010020 vaddr=3f400020 size=08814h ( 34836) map
I (114) esp_image: segment 1: paddr=0001883c vaddr=3ffb0000 size=01b78h (  7032) load
I (117) esp_image: segment 2: paddr=0001a3bc vaddr=40080000 size=05c5ch ( 23644) load
I (130) esp_image: segment 3: paddr=00020020 vaddr=400d0020 size=14f90h ( 85904) map
I (162) esp_image: segment 4: paddr=00034fb8 vaddr=40085c5c size=059b8h ( 22968) load
I (177) boot: Loaded app from partition at offset 0x10000
I (177) boot: Disabling RNG early entropy source...
I (188) cpu_start: Multicore app
I (188) cpu_start: Pro cpu up.
I (189) cpu_start: Starting app cpu, entry point is 0x40080fec
0x40080fec: call_start_cpu1 at C:/Users/gamem/esp/esp-idf/components/esp_system/port/cpu_start.c:151

I (0) cpu_start: App cpu up.
I (207) cpu_start: Pro cpu start user code
I (207) cpu_start: cpu freq: 160000000
I (207) cpu_start: Application information:
I (211) cpu_start: Project name:     LAB1
I (216) cpu_start: App version:      1
I (220) cpu_start: Compile time:     Oct 16 2023 11:32:39
I (226) cpu_start: ELF file SHA256:  0d234ea710095472...
I (232) cpu_start: ESP-IDF:          v4.4.6
I (237) cpu_start: Min chip rev:     v0.0
I (242) cpu_start: Max chip rev:     v3.99
I (247) cpu_start: Chip rev:         v3.0
I (252) heap_init: Initializing. RAM available for dynamic allocation:
I (259) heap_init: At 3FFAE6E0 len 00001920 (6 KiB): DRAM
I (265) heap_init: At 3FFB2468 len 0002DB98 (182 KiB): DRAM
I (271) heap_init: At 3FFE0440 len 00003AE0 (14 KiB): D/IRAM
I (277) heap_init: At 3FFE4350 len 0001BCB0 (111 KiB): D/IRAM
I (284) heap_init: At 4008B614 len 000149EC (82 KiB): IRAM
I (291) spi_flash: detected chip: generic
I (295) spi_flash: flash io: dio
I (300) cpu_start: Starting scheduler on PRO CPU.
I (0) cpu_start: Starting scheduler on APP CPU.
Hello My First Task 0
Hello My First Task 1
Hello My First Task 2
Hello My First Task 3
Hello My First Task 4
Hello My First Task 5
Hello My First Task 6
Hello My First Task 7
Hello My First Task 8
Hello My First Task 9
Hello My First Task 10
Hello My First Task 11
```
